2026-06-11 22:10:41,314 [INFO] Sistema: Estrutura do sistema verificada.
2026-06-11 22:10:41,801 [INFO] Sistema: Sistema iniciado
2026-06-12 10:19:01,482 [INFO] Sistema: Estrutura do sistema verificada.
2026-06-12 10:19:02,578 [INFO] Sistema: Sistema iniciado
2026-06-12 10:19:05,844 [INFO] Sistema: Tema alterado para: light
2026-06-12 10:19:06,362 [INFO] Sistema: Tema alterado para: dark
2026-06-12 10:19:10,125 [INFO] Sistema: Tema alterado para: light
2026-06-12 10:19:11,314 [INFO] Sistema: Tema alterado para: dark
2026-06-12 11:01:03,583 [INFO] Sistema: Estrutura do sistema verificada.
2026-06-12 11:01:05,412 [INFO] Sistema: Sistema iniciado
2026-06-12 11:02:03,057 [INFO] Sistema: Estrutura do sistema verificada.
2026-06-12 11:02:03,607 [INFO] Sistema: Sistema iniciado
2026-06-12 11:02:09,389 [INFO] Sistema: Biblioteca de Materiais selecionada.
2026-06-12 11:02:12,945 [INFO] Sistema: Material selecionado: S3I.xlsx
2026-06-12 11:02:17,469 [INFO] Sistema: Material aberto: S3I.xlsx
2026-06-12 11:02:41,753 [INFO] Sistema: Pasta de materiais aberta no explorador.
2026-06-12 11:07:05,168 [INFO] Sistema: Estrutura do sistema verificada.
2026-06-12 11:07:05,644 [INFO] Sistema: Sistema iniciado
2026-06-12 11:07:07,355 [INFO] Sistema: Biblioteca de Materiais selecionada.
2026-06-12 11:07:09,079 [INFO] Sistema: Material selecionado: S1I.xlsx
2026-06-12 11:07:10,605 [INFO] Sistema: Material aberto: S1I.xlsx
2026-06-12 11:07:24,928 [INFO] Sistema: Pasta de materiais aberta no explorador.
2026-06-12 11:07:38,202 [INFO] Sistema: Voltou ao menu principal.
2026-06-12 11:07:39,327 [INFO] Sistema: Log limpo pelo usuário
2026-06-12 11:14:44,327 [INFO] Sistema: Estrutura do sistema verificada.
2026-06-12 11:14:44,890 [INFO] Sistema: Sistema iniciado
2026-06-12 11:14:47,564 [INFO] Sistema: Biblioteca de Materiais selecionada.
2026-06-12 11:14:50,794 [INFO] Sistema: Voltou ao menu principal.
2026-06-12 11:14:51,902 [INFO] Sistema: Módulo de Obras selecionado.
2026-06-12 11:14:54,025 [INFO] Sistema: Voltou ao menu principal.
2026-06-12 11:31:58,129 [INFO] Sistema: Log limpo pelo usuário
2026-06-12 11:32:02,876 [INFO] Sistema: Biblioteca de Materiais selecionada.
2026-06-15 11:04:30,904 [INFO] Sistema: Estrutura do sistema verificada.
2026-06-15 11:04:32,727 [INFO] Sistema: Sistema iniciado
2026-06-15 11:04:32,729 [INFO] Sistema: Modo de obra alterado para: sequencia
2026-06-15 11:04:32,731 [INFO] Sistema: Modo de obra alterado para: pastas
2026-06-15 11:05:20,875 [INFO] Sistema: Estrutura do sistema verificada.
2026-06-15 11:05:21,294 [INFO] Sistema: Sistema iniciado
2026-06-15 11:05:23,452 [INFO] Sistema: Módulo de Obras selecionado.
2026-06-15 11:05:24,994 [INFO] Sistema: Modo de obra alterado para: sequencia
2026-06-15 11:05:26,130 [INFO] Sistema: Modo de obra alterado para: pastas
2026-06-15 11:05:28,508 [INFO] Sistema: Modo de obra alterado para: sequencia
2026-06-15 11:05:29,990 [INFO] Sistema: Modo de obra alterado para: pastas
2026-06-15 11:05:30,615 [INFO] Sistema: Voltou ao menu principal.
2026-06-15 11:05:31,432 [INFO] Sistema: Módulo de Podas selecionado.
2026-06-15 11:05:32,351 [INFO] Sistema: Voltou ao menu principal.
2026-06-15 11:05:32,845 [INFO] Sistema: Módulo de Obras selecionado.
2026-06-15 11:05:37,474 [INFO] Sistema: Modo de obra alterado para: sequencia
2026-06-15 11:14:39,924 [INFO] Sistema: Estrutura do sistema verificada.
2026-06-15 11:14:40,785 [INFO] Sistema: Sistema iniciado
2026-06-15 11:17:11,032 [INFO] Sistema: Estrutura do sistema verificada.
2026-06-15 11:17:11,446 [INFO] Sistema: Sistema iniciado
2026-06-15 11:18:07,285 [INFO] Sistema: Estrutura do sistema verificada.
2026-06-15 11:18:07,698 [INFO] Sistema: Sistema iniciado
2026-06-15 11:19:50,179 [INFO] Sistema: Estrutura do sistema verificada.
2026-06-15 11:19:50,568 [INFO] Sistema: Sistema iniciado
2026-06-15 11:20:08,435 [INFO] Sistema: Estrutura do sistema verificada.
2026-06-15 11:20:08,911 [INFO] Sistema: Sistema iniciado
2026-06-15 11:20:09,827 [INFO] Sistema: Módulo de Obras selecionado.
2026-06-15 11:20:43,771 [INFO] Sistema: Estrutura do sistema verificada.
2026-06-15 11:20:44,252 [INFO] Sistema: Sistema iniciado
2026-06-15 11:20:46,582 [INFO] Sistema: Módulo de Obras selecionado.
2026-06-15 11:20:48,269 [INFO] Sistema: Modo de obra alterado para: sequencia
2026-06-15 11:20:49,585 [INFO] Sistema: Voltou ao menu principal.
2026-06-15 11:20:51,379 [INFO] Sistema: Log limpo pelo usuário
2026-06-15 11:20:53,267 [INFO] Sistema: Tema alterado para: light
2026-06-15 11:20:58,705 [INFO] Sistema: Tema alterado para: dark
2026-06-15 11:21:07,698 [INFO] Sistema: Biblioteca de Materiais selecionada.
2026-06-15 11:21:11,516 [INFO] Sistema: Voltou ao menu principal.
2026-06-15 11:21:12,290 [INFO] Sistema: Módulo de Podas selecionado.
2026-06-15 11:21:13,166 [INFO] Sistema: Voltou ao menu principal.
2026-06-15 11:21:14,409 [INFO] Sistema: Módulo de Obras selecionado.
2026-06-15 11:21:15,681 [INFO] Sistema: Modo de obra alterado para: pastas
2026-06-15 11:21:17,107 [INFO] Sistema: Modo de obra alterado para: sequencia
2026-06-15 11:21:21,336 [INFO] Sistema: Modo de obra alterado para: pastas
2026-06-15 11:21:23,190 [INFO] Sistema: Modo de obra alterado para: sequencia
2026-06-15 11:21:31,193 [INFO] Sistema: Voltou ao menu principal.
2026-06-15 11:21:31,986 [INFO] Sistema: Módulo de Obras selecionado.
